{
    "Should run without failures": {
        "content": [
            {
                "0": [
                    [
                        {
                            "id": "test2.9000000",
                            "taxid": 9000000,
                            "sample_id": "test2"
                        },
                        "test2.9000000.consensus.fa:md5,8fa86ad0980cad63ea403c60ac2a3fb3",
                        "test2.9000000.mpileup.out:md5,74081127ba0703f9e717412b0a359977",
                        "Minimum Quality: 20\nThreshold: 0.75\nMinimum depth: 10\nMinimum Insert Threshold: 0.8\nRegions with depth less than minimum depth covered by: N\nReference length: 2368\nPositions with 0 depth: 8\nPositions with depth below 10: 10\nA GFF file containing the open reading frames (ORFs) has not been provided. Amino acid translation will not be done.\n---\nMutation Statistics (PASS=True only):\nTotal mutations: 180\nInsertions: 0\nDeletions: 0\nSNPs: 180\nTransitions (Ti): 148\nTransversions (Tv): 32\nTi/Tv ratio: 4.62\n"
                    ]
                ]
            }
        ],
        "meta": {
            "nf-test": "0.9.2",
            "nextflow": "24.10.3"
        },
        "timestamp": "2025-04-25T17:26:28.613796"
    }
}