{
    "Should run without failures": {
        "content": [
            {
                "0": [
                    "classification_report.csv:md5,64af36c81027f402a0ce84b2067b87b8"
                ]
            }
        ],
        "meta": {
            "nf-test": "0.9.2",
            "nextflow": "24.10.3"
        },
        "timestamp": "2025-04-28T11:11:01.728918"
    }
}