{
    "Should run without failures": {
        "content": [
            {
                "0": [
                    "classification_report.csv:md5,87c0c888d8c5d24c02586912c3474578"
                ]
            }
        ],
        "meta": {
            "nf-test": "0.9.2",
            "nextflow": "24.10.4"
        },
        "timestamp": "2025-07-24T18:39:20.585967"
    }
}