{
    "Should run without failures": {
        "content": [
            {
                "0": [
                    "classification_report.csv:md5,e15537b3fc637373feab93c11c123df2"
                ]
            }
        ],
        "meta": {
            "nf-test": "0.8.4",
            "nextflow": "24.10.3"
        },
        "timestamp": "2025-04-16T18:20:45.025522"
    }
}