{
    "Should run without failures": {
        "content": [
            {
                "0": [
                    "classification_report.csv:md5,1e51062e8c631db04ff690b79444f6d1"
                ]
            }
        ],
        "meta": {
            "nf-test": "0.8.4",
            "nextflow": "24.10.3"
        },
        "timestamp": "2025-04-23T15:08:25.677299"
    }
}