{
    "Should run without failures": {
        "content": [
            {
                "0": [
                    [
                        {
                            "id": "test.2222222",
                            "taxid": 2222222,
                            "sample_id": "test",
                            "virus_subtype": "EG.5.1.1"
                        },
                        "test2_sarscov2.fa:md5,1f41369aa84e4e348f0b5ba6d70a7257"
                    ]
                ],
                "scov2_subtype_out_ch": [
                    [
                        {
                            "id": "test.2222222",
                            "taxid": 2222222,
                            "sample_id": "test",
                            "virus_subtype": "EG.5.1.1"
                        },
                        "test2_sarscov2.fa:md5,1f41369aa84e4e348f0b5ba6d70a7257"
                    ]
                ]
            }
        ],
        "meta": {
            "nf-test": "0.9.2",
            "nextflow": "25.04.4"
        },
        "timestamp": "2025-08-06T12:07:21.114565431"
    }
}